
Discarded input sections

 .group         0x00000000        0x8 build/alarm.o
 .group         0x00000000        0x8 build/alarm.o
 .group         0x00000000        0x8 build/signal.o
 .text.__x86.get_pc_thunk.bx
                0x00000000        0x4 build/signal.o
 .group         0x00000000        0x8 build/process.o
 .group         0x00000000        0x8 build/process.o
 .text.__x86.get_pc_thunk.ax
                0x00000000        0x4 build/process.o
 .text.__x86.get_pc_thunk.bx
                0x00000000        0x4 build/process.o
 .group         0x00000000        0x8 build/gdt.o
 .group         0x00000000        0x8 build/gdt.o
 .text.__x86.get_pc_thunk.ax
                0x00000000        0x4 build/gdt.o
 .text.__x86.get_pc_thunk.bx
                0x00000000        0x4 build/gdt.o
 .group         0x00000000        0x8 build/console.o
 .group         0x00000000        0x8 build/console.o
 .group         0x00000000        0x8 build/console.o
 .text.__x86.get_pc_thunk.ax
                0x00000000        0x4 build/console.o
 .text.__x86.get_pc_thunk.bx
                0x00000000        0x4 build/console.o
 .group         0x00000000        0x8 build/traps.o
 .group         0x00000000        0x8 build/traps.o
 .text.__x86.get_pc_thunk.ax
                0x00000000        0x4 build/traps.o
 .text.__x86.get_pc_thunk.bx
                0x00000000        0x4 build/traps.o
 .group         0x00000000        0x8 build/main.o
 .text.__x86.get_pc_thunk.bx
                0x00000000        0x4 build/main.o
 .group         0x00000000        0x8 build/keyboard.o
 .text.__x86.get_pc_thunk.bx
                0x00000000        0x4 build/keyboard.o
 .group         0x00000000        0x8 build/string.o
 .text.__x86.get_pc_thunk.dx
                0x00000000        0x4 build/string.o
 .group         0x00000000        0x8 build/printk.o
 .text.__x86.get_pc_thunk.bx
                0x00000000        0x4 build/printk.o

Memory Configuration

Name             Origin             Length             Attributes
*default*        0x00000000         0xffffffff

Linker script and memory map

                0x00100000                        . = 0x100000

.text           0x00100000     0x16eb
 *(.text)
 .text          0x00100000       0x13 build/entry.asm.o
                0x0010000c                start
 *fill*         0x00100013        0xd 
 .text          0x00100020       0x41 build/ioport.asm.o
                0x00100020                insb
                0x00100029                insw
                0x00100033                inl
                0x0010003c                outb
                0x00100048                outw
                0x00100055                outl
 .text          0x00100061       0x77 build/alarm.o
                0x00100061                searchForFree
                0x00100086                alarm
 .text          0x001000d8       0xb9 build/signal.o
                0x001000d8                sendsig
                0x001000eb                psig
 .text          0x00100191      0x3d5 build/process.o
                0x00100191                blank
                0x00100192                deleteProcess
                0x001001c0                searchProcesses
                0x001001ec                createProcess
                0x001002b2                markAsZombie
                0x001002ed                exec
                0x0010031b                yield
                0x0010047f                ps
 .text          0x00100566      0x135 build/gdt.o
                0x00100566                setGdtDescriptor
                0x001005ae                setTSSDescriptor
                0x001005ce                GdtInstall
 .text          0x0010069b      0x23b build/console.o
                0x0010069b                enable_cursor
                0x0010071e                update_cursor
                0x0010077c                scroll
                0x001007a3                put_cxy
                0x001007cb                clear
                0x00100816                ConsoleInstall
                0x0010083b                put_c
 .text          0x001008d6      0x409 build/traps.o
                0x001008d6                syscall_handler
                0x001008f6                clock_handler
                0x001009a1                keyboard_handler_ext
                0x001009c5                setIdtDescriptor
                0x001009ff                panic
                0x00100be9                zero_exception_handler
                0x00100c04                double_fault_handler
                0x00100c1f                invalid_tss
                0x00100c3a                TrapsInstall
 .text          0x00100cdf      0x19a build/main.o
                0x00100cdf                proc3
                0x00100d09                proc2
                0x00100d36                proc1
                0x00100d60                remapPIC
                0x00100dd6                kernel_main
 .text          0x00100e79      0x773 build/keyboard.o
                0x00100e79                addCharacter
                0x00100efc                keyboard_handler
 .text          0x001015ec       0xc7 build/string.o
                0x001015ec                strlen
                0x001015fc                strcmp
                0x0010161d                memset
                0x0010163c                itoa
 .text          0x001016b3       0x38 build/printk.o
                0x001016b3                printk

.iplt           0x001016eb        0x0
 .iplt          0x001016eb        0x0 build/entry.asm.o

.text.__x86.get_pc_thunk.ax
                0x001016eb        0x4
 .text.__x86.get_pc_thunk.ax
                0x001016eb        0x4 build/alarm.o
                0x001016eb                __x86.get_pc_thunk.ax

.text.__x86.get_pc_thunk.bx
                0x001016ef        0x4
 .text.__x86.get_pc_thunk.bx
                0x001016ef        0x4 build/alarm.o
                0x001016ef                __x86.get_pc_thunk.bx

.text.__x86.get_pc_thunk.dx
                0x001016f3        0x4
 .text.__x86.get_pc_thunk.dx
                0x001016f3        0x4 build/console.o
                0x001016f3                __x86.get_pc_thunk.dx

.eh_frame       0x001016f8      0xc54
 .eh_frame      0x001016f8       0x80 build/alarm.o
 .eh_frame      0x00101778       0x70 build/signal.o
                                 0x9c (size before relaxing)
 .eh_frame      0x001017e8      0x20c build/process.o
                                0x24c (size before relaxing)
 .eh_frame      0x001019f4       0x74 build/gdt.o
                                 0xb4 (size before relaxing)
 .eh_frame      0x00101a68      0x19c build/console.o
                                0x1dc (size before relaxing)
 .eh_frame      0x00101c04      0x244 build/traps.o
                                0x284 (size before relaxing)
 .eh_frame      0x00101e48      0x124 build/main.o
                                0x150 (size before relaxing)
 .eh_frame      0x00101f6c      0x324 build/keyboard.o
                                0x350 (size before relaxing)
 .eh_frame      0x00102290       0x7c build/string.o
                                 0xa8 (size before relaxing)
 .eh_frame      0x0010230c       0x40 build/printk.o
                                 0x6c (size before relaxing)

.rodata.str1.1  0x0010234c      0x27a
 .rodata.str1.1
                0x0010234c      0x27a build/signal.o
                                 0x53 (size before relaxing)
 .rodata.str1.1
                0x001025c6       0x50 build/process.o
 .rodata.str1.1
                0x001025c6       0xd2 build/traps.o
 .rodata.str1.1
                0x001025c6       0x57 build/main.o
 .rodata.str1.1
                0x001025c6       0x8f build/keyboard.o
 .rodata.str1.1
                0x001025c6       0x48 build/string.o

.rel.dyn        0x001025c8        0x0
 .rel.got       0x001025c8        0x0 build/entry.asm.o
 .rel.iplt      0x001025c8        0x0 build/entry.asm.o

.data           0x001025c6        0x0
 *(.data)
 .data          0x001025c6        0x0 build/alarm.o
 .data          0x001025c6        0x0 build/signal.o
 .data          0x001025c6        0x0 build/process.o
 .data          0x001025c6        0x0 build/gdt.o
 .data          0x001025c6        0x0 build/console.o
 .data          0x001025c6        0x0 build/traps.o
 .data          0x001025c6        0x0 build/main.o
 .data          0x001025c6        0x0 build/keyboard.o
 .data          0x001025c6        0x0 build/string.o
 .data          0x001025c6        0x0 build/printk.o

.got            0x001025c8        0x0
 .got           0x001025c8        0x0 build/entry.asm.o

.got.plt        0x001025c8        0xc
 .got.plt       0x001025c8        0xc build/entry.asm.o
                0x001025c8                _GLOBAL_OFFSET_TABLE_

.igot.plt       0x001025d4        0x0
 .igot.plt      0x001025d4        0x0 build/entry.asm.o

.data.rel.local
                0x001025d4        0x8
 .data.rel.local
                0x001025d4        0x8 build/process.o
                0x001025d4                next
                0x001025d8                current

.bss            0x001025e0    0x37378
 *(.bss)
 .bss           0x001025e0    0x10000 build/entry.asm.o
 .bss           0x001125e0      0x300 build/alarm.o
                0x001125e0                callouts
 .bss           0x001128e0        0x0 build/signal.o
 .bss           0x001128e0     0x4000 build/process.o
                0x001128e0                zombie_processes
                0x001148e0                processes
 .bss           0x001168e0    0x10006 build/gdt.o
                0x001168e0                gdt_table
                0x001268e0                gdtr
 *fill*         0x001268e6        0x2 
 .bss           0x001268e8        0xc build/console.o
                0x001268e8                y
                0x001268ec                x
                0x001268f0                video_mem
 *fill*         0x001268f4        0x4 
 .bss           0x001268f8    0x1000e build/traps.o
                0x001268f8                ticks
                0x00126900                idt_table
                0x00136900                idtr
 *fill*         0x00136906        0x2 
 .bss           0x00136908        0x8 build/main.o
                0x00136908                process2
                0x0013690c                process1
 *fill*         0x00136910       0x10 
 .bss           0x00136920     0x3038 build/keyboard.o
                0x00136920                ctrl_pressed
                0x00136924                pos
                0x00136940                keyboard_buffer
 .bss           0x00139958        0x0 build/string.o
 .bss           0x00139958        0x0 build/printk.o
LOAD build/entry.asm.o
LOAD build/ioport.asm.o
LOAD build/alarm.o
LOAD build/signal.o
LOAD build/process.o
LOAD build/gdt.o
LOAD build/console.o
LOAD build/traps.o
LOAD build/main.o
LOAD build/keyboard.o
LOAD build/string.o
LOAD build/printk.o
OUTPUT(iso/boot/kernel elf32-i386)

.debug_info     0x00000000     0x32cf
 .debug_info    0x00000000      0x39e build/alarm.o
 .debug_info    0x0000039e      0x365 build/signal.o
 .debug_info    0x00000703      0x68a build/process.o
 .debug_info    0x00000d8d      0x666 build/gdt.o
 .debug_info    0x000013f3      0x335 build/console.o
 .debug_info    0x00001728      0x7b0 build/traps.o
 .debug_info    0x00001ed8      0x549 build/main.o
 .debug_info    0x00002421      0xb53 build/keyboard.o
 .debug_info    0x00002f74      0x234 build/string.o
 .debug_info    0x000031a8      0x127 build/printk.o

.debug_abbrev   0x00000000     0x10c1
 .debug_abbrev  0x00000000      0x18d build/alarm.o
 .debug_abbrev  0x0000018d      0x169 build/signal.o
 .debug_abbrev  0x000002f6      0x2a4 build/process.o
 .debug_abbrev  0x0000059a      0x206 build/gdt.o
 .debug_abbrev  0x000007a0      0x18b build/console.o
 .debug_abbrev  0x0000092b      0x20f build/traps.o
 .debug_abbrev  0x00000b3a      0x1c8 build/main.o
 .debug_abbrev  0x00000d02      0x1fa build/keyboard.o
 .debug_abbrev  0x00000efc       0xf6 build/string.o
 .debug_abbrev  0x00000ff2       0xcf build/printk.o

.debug_loclists
                0x00000000      0x6cf
 .debug_loclists
                0x00000000       0x51 build/alarm.o
 .debug_loclists
                0x00000051       0x4d build/process.o
 .debug_loclists
                0x0000009e      0x19d build/gdt.o
 .debug_loclists
                0x0000023b       0xa4 build/console.o
 .debug_loclists
                0x000002df       0x4e build/traps.o
 .debug_loclists
                0x0000032d       0x17 build/main.o
 .debug_loclists
                0x00000344      0x17e build/keyboard.o
 .debug_loclists
                0x000004c2      0x1c8 build/string.o
 .debug_loclists
                0x0000068a       0x45 build/printk.o

.debug_aranges  0x00000000      0x140
 .debug_aranges
                0x00000000       0x20 build/alarm.o
 .debug_aranges
                0x00000020       0x20 build/signal.o
 .debug_aranges
                0x00000040       0x20 build/process.o
 .debug_aranges
                0x00000060       0x20 build/gdt.o
 .debug_aranges
                0x00000080       0x20 build/console.o
 .debug_aranges
                0x000000a0       0x20 build/traps.o
 .debug_aranges
                0x000000c0       0x20 build/main.o
 .debug_aranges
                0x000000e0       0x20 build/keyboard.o
 .debug_aranges
                0x00000100       0x20 build/string.o
 .debug_aranges
                0x00000120       0x20 build/printk.o

.debug_line     0x00000000     0x1470
 .debug_line    0x00000000       0xc4 build/alarm.o
 .debug_line    0x000000c4       0x9f build/signal.o
 .debug_line    0x00000163      0x2ee build/process.o
 .debug_line    0x00000451      0x187 build/gdt.o
 .debug_line    0x000005d8      0x204 build/console.o
 .debug_line    0x000007dc      0x20e build/traps.o
 .debug_line    0x000009ea      0x17e build/main.o
 .debug_line    0x00000b68      0x6f9 build/keyboard.o
 .debug_line    0x00001261      0x176 build/string.o
 .debug_line    0x000013d7       0x99 build/printk.o

.debug_str      0x00000000      0x577
 .debug_str     0x00000000      0x577 build/alarm.o
                                0x25b (size before relaxing)
 .debug_str     0x00000577      0x228 build/signal.o
 .debug_str     0x00000577      0x2e0 build/process.o
 .debug_str     0x00000577      0x289 build/gdt.o
 .debug_str     0x00000577      0x1a4 build/console.o
 .debug_str     0x00000577      0x346 build/traps.o
 .debug_str     0x00000577      0x30a build/main.o
 .debug_str     0x00000577      0x28f build/keyboard.o
 .debug_str     0x00000577      0x1b0 build/string.o
 .debug_str     0x00000577      0x1a7 build/printk.o

.debug_line_str
                0x00000000      0x163
 .debug_line_str
                0x00000000      0x163 build/alarm.o
                                 0x65 (size before relaxing)
 .debug_line_str
                0x00000163       0x5d build/signal.o
 .debug_line_str
                0x00000163       0x81 build/process.o
 .debug_line_str
                0x00000163       0x54 build/gdt.o
 .debug_line_str
                0x00000163       0x5a build/console.o
 .debug_line_str
                0x00000163       0x82 build/traps.o
 .debug_line_str
                0x00000163       0x94 build/main.o
 .debug_line_str
                0x00000163       0x88 build/keyboard.o
 .debug_line_str
                0x00000163       0x89 build/string.o
 .debug_line_str
                0x00000163       0x94 build/printk.o

.comment        0x00000000       0x2d
 .comment       0x00000000       0x2d build/alarm.o
                                 0x2e (size before relaxing)
 .comment       0x0000002d       0x2e build/signal.o
 .comment       0x0000002d       0x2e build/process.o
 .comment       0x0000002d       0x2e build/gdt.o
 .comment       0x0000002d       0x2e build/console.o
 .comment       0x0000002d       0x2e build/traps.o
 .comment       0x0000002d       0x2e build/main.o
 .comment       0x0000002d       0x2e build/keyboard.o
 .comment       0x0000002d       0x2e build/string.o
 .comment       0x0000002d       0x2e build/printk.o

.note.GNU-stack
                0x00000000        0x0
 .note.GNU-stack
                0x00000000        0x0 build/alarm.o
 .note.GNU-stack
                0x00000000        0x0 build/signal.o
 .note.GNU-stack
                0x00000000        0x0 build/process.o
 .note.GNU-stack
                0x00000000        0x0 build/gdt.o
 .note.GNU-stack
                0x00000000        0x0 build/console.o
 .note.GNU-stack
                0x00000000        0x0 build/traps.o
 .note.GNU-stack
                0x00000000        0x0 build/main.o
 .note.GNU-stack
                0x00000000        0x0 build/keyboard.o
 .note.GNU-stack
                0x00000000        0x0 build/string.o
 .note.GNU-stack
                0x00000000        0x0 build/printk.o

.debug_rnglists
                0x00000000       0xc7
 .debug_rnglists
                0x00000000       0x1e build/process.o
 .debug_rnglists
                0x0000001e       0x41 build/gdt.o
 .debug_rnglists
                0x0000005f       0x22 build/console.o
 .debug_rnglists
                0x00000081       0x24 build/traps.o
 .debug_rnglists
                0x000000a5       0x22 build/keyboard.o
