
Discarded input sections

 .group         0x00000000        0x8 build/alarm.o
 .group         0x00000000        0x8 build/alarm.o
 .group         0x00000000        0x8 build/signal.o
 .text.__x86.get_pc_thunk.bx
                0x00000000        0x4 build/signal.o
 .group         0x00000000        0x8 build/process.o
 .group         0x00000000        0x8 build/process.o
 .text.__x86.get_pc_thunk.ax
                0x00000000        0x4 build/process.o
 .text.__x86.get_pc_thunk.bx
                0x00000000        0x4 build/process.o
 .group         0x00000000        0x8 build/gdt.o
 .group         0x00000000        0x8 build/gdt.o
 .text.__x86.get_pc_thunk.ax
                0x00000000        0x4 build/gdt.o
 .text.__x86.get_pc_thunk.bx
                0x00000000        0x4 build/gdt.o
 .group         0x00000000        0x8 build/console.o
 .group         0x00000000        0x8 build/console.o
 .group         0x00000000        0x8 build/console.o
 .text.__x86.get_pc_thunk.ax
                0x00000000        0x4 build/console.o
 .text.__x86.get_pc_thunk.bx
                0x00000000        0x4 build/console.o
 .group         0x00000000        0x8 build/traps.o
 .group         0x00000000        0x8 build/traps.o
 .text.__x86.get_pc_thunk.ax
                0x00000000        0x4 build/traps.o
 .text.__x86.get_pc_thunk.bx
                0x00000000        0x4 build/traps.o
 .group         0x00000000        0x8 build/main.o
 .text.__x86.get_pc_thunk.bx
                0x00000000        0x4 build/main.o
 .group         0x00000000        0x8 build/keyboard.o
 .text.__x86.get_pc_thunk.bx
                0x00000000        0x4 build/keyboard.o
 .group         0x00000000        0x8 build/string.o
 .text.__x86.get_pc_thunk.dx
                0x00000000        0x4 build/string.o
 .group         0x00000000        0x8 build/printk.o
 .text.__x86.get_pc_thunk.bx
                0x00000000        0x4 build/printk.o

Memory Configuration

Name             Origin             Length             Attributes
*default*        0x00000000         0xffffffff

Linker script and memory map

                0x00100000                        . = 0x100000

.text           0x00100000     0x16fb
 *(.text)
 .text          0x00100000       0x13 build/entry.asm.o
                0x0010000c                start
 *fill*         0x00100013        0xd 
 .text          0x00100020       0x41 build/ioport.asm.o
                0x00100020                insb
                0x00100029                insw
                0x00100033                inl
                0x0010003c                outb
                0x00100048                outw
                0x00100055                outl
 .text          0x00100061       0x7c build/alarm.o
                0x00100061                searchForFree
                0x00100086                alarm
 .text          0x001000dd      0x103 build/signal.o
                0x001000dd                sendsig
                0x001000f0                psig
 .text          0x001001e0      0x3d5 build/process.o
                0x001001e0                blank
                0x001001e1                deleteProcess
                0x0010020f                searchProcesses
                0x0010023b                createProcess
                0x00100301                markAsZombie
                0x0010033c                exec
                0x0010036a                yield
                0x001004ce                ps
 .text          0x001005b5      0x135 build/gdt.o
                0x001005b5                setGdtDescriptor
                0x001005fd                setTSSDescriptor
                0x0010061d                GdtInstall
 .text          0x001006ea      0x23b build/console.o
                0x001006ea                enable_cursor
                0x0010076d                update_cursor
                0x001007cb                scroll
                0x001007f2                put_cxy
                0x0010081a                clear
                0x00100865                ConsoleInstall
                0x0010088a                put_c
 .text          0x00100925      0x3ca build/traps.o
                0x00100925                syscall_handler
                0x00100945                clock_handler
                0x001009b1                keyboard_handler_ext
                0x001009d5                setIdtDescriptor
                0x00100a0f                panic
                0x00100bf9                zero_exception_handler
                0x00100c14                double_fault_handler
                0x00100c2f                invalid_tss
                0x00100c4a                TrapsInstall
 .text          0x00100cef      0x19a build/main.o
                0x00100cef                proc3
                0x00100d19                proc2
                0x00100d46                proc1
                0x00100d70                remapPIC
                0x00100de6                kernel_main
 .text          0x00100e89      0x773 build/keyboard.o
                0x00100e89                addCharacter
                0x00100f0c                keyboard_handler
 .text          0x001015fc       0xc7 build/string.o
                0x001015fc                strlen
                0x0010160c                strcmp
                0x0010162d                memset
                0x0010164c                itoa
 .text          0x001016c3       0x38 build/printk.o
                0x001016c3                printk

.iplt           0x001016fb        0x0
 .iplt          0x001016fb        0x0 build/entry.asm.o

.text.__x86.get_pc_thunk.ax
                0x001016fb        0x4
 .text.__x86.get_pc_thunk.ax
                0x001016fb        0x4 build/alarm.o
                0x001016fb                __x86.get_pc_thunk.ax

.text.__x86.get_pc_thunk.bx
                0x001016ff        0x4
 .text.__x86.get_pc_thunk.bx
                0x001016ff        0x4 build/alarm.o
                0x001016ff                __x86.get_pc_thunk.bx

.text.__x86.get_pc_thunk.dx
                0x00101703        0x4
 .text.__x86.get_pc_thunk.dx
                0x00101703        0x4 build/console.o
                0x00101703                __x86.get_pc_thunk.dx

.eh_frame       0x00101708      0xc5c
 .eh_frame      0x00101708       0x80 build/alarm.o
 .eh_frame      0x00101788       0x88 build/signal.o
                                 0xb4 (size before relaxing)
 .eh_frame      0x00101810      0x20c build/process.o
                                0x24c (size before relaxing)
 .eh_frame      0x00101a1c       0x74 build/gdt.o
                                 0xb4 (size before relaxing)
 .eh_frame      0x00101a90      0x19c build/console.o
                                0x1dc (size before relaxing)
 .eh_frame      0x00101c2c      0x234 build/traps.o
                                0x274 (size before relaxing)
 .eh_frame      0x00101e60      0x124 build/main.o
                                0x150 (size before relaxing)
 .eh_frame      0x00101f84      0x324 build/keyboard.o
                                0x350 (size before relaxing)
 .eh_frame      0x001022a8       0x7c build/string.o
                                 0xa8 (size before relaxing)
 .eh_frame      0x00102324       0x40 build/printk.o
                                 0x6c (size before relaxing)

.rodata.str1.1  0x00102364      0x27f
 .rodata.str1.1
                0x00102364      0x27f build/signal.o
                                 0x78 (size before relaxing)
 .rodata.str1.1
                0x001025e3       0x50 build/process.o
 .rodata.str1.1
                0x001025e3       0xb2 build/traps.o
 .rodata.str1.1
                0x001025e3       0x57 build/main.o
 .rodata.str1.1
                0x001025e3       0x8f build/keyboard.o
 .rodata.str1.1
                0x001025e3       0x48 build/string.o

.rel.dyn        0x001025e4        0x0
 .rel.got       0x001025e4        0x0 build/entry.asm.o
 .rel.iplt      0x001025e4        0x0 build/entry.asm.o

.data           0x001025e3        0x0
 *(.data)
 .data          0x001025e3        0x0 build/alarm.o
 .data          0x001025e3        0x0 build/signal.o
 .data          0x001025e3        0x0 build/process.o
 .data          0x001025e3        0x0 build/gdt.o
 .data          0x001025e3        0x0 build/console.o
 .data          0x001025e3        0x0 build/traps.o
 .data          0x001025e3        0x0 build/main.o
 .data          0x001025e3        0x0 build/keyboard.o
 .data          0x001025e3        0x0 build/string.o
 .data          0x001025e3        0x0 build/printk.o

.got            0x001025e4        0x0
 .got           0x001025e4        0x0 build/entry.asm.o

.got.plt        0x001025e4        0xc
 .got.plt       0x001025e4        0xc build/entry.asm.o
                0x001025e4                _GLOBAL_OFFSET_TABLE_

.igot.plt       0x001025f0        0x0
 .igot.plt      0x001025f0        0x0 build/entry.asm.o

.data.rel.local
                0x001025f0        0x8
 .data.rel.local
                0x001025f0        0x8 build/process.o
                0x001025f0                next
                0x001025f4                current

.bss            0x00102600    0x37478
 *(.bss)
 .bss           0x00102600    0x10000 build/entry.asm.o
 .bss           0x00112600      0x400 build/alarm.o
                0x00112600                callouts
 .bss           0x00112a00        0x0 build/signal.o
 .bss           0x00112a00     0x4000 build/process.o
                0x00112a00                zombie_processes
                0x00114a00                processes
 .bss           0x00116a00    0x10006 build/gdt.o
                0x00116a00                gdt_table
                0x00126a00                gdtr
 *fill*         0x00126a06        0x2 
 .bss           0x00126a08        0xc build/console.o
                0x00126a08                y
                0x00126a0c                x
                0x00126a10                video_mem
 *fill*         0x00126a14        0x4 
 .bss           0x00126a18    0x1000e build/traps.o
                0x00126a18                ticks
                0x00126a20                idt_table
                0x00136a20                idtr
 *fill*         0x00136a26        0x2 
 .bss           0x00136a28        0x8 build/main.o
                0x00136a28                process2
                0x00136a2c                process1
 *fill*         0x00136a30       0x10 
 .bss           0x00136a40     0x3038 build/keyboard.o
                0x00136a40                ctrl_pressed
                0x00136a44                pos
                0x00136a60                keyboard_buffer
 .bss           0x00139a78        0x0 build/string.o
 .bss           0x00139a78        0x0 build/printk.o
LOAD build/entry.asm.o
LOAD build/ioport.asm.o
LOAD build/alarm.o
LOAD build/signal.o
LOAD build/process.o
LOAD build/gdt.o
LOAD build/console.o
LOAD build/traps.o
LOAD build/main.o
LOAD build/keyboard.o
LOAD build/string.o
LOAD build/printk.o
OUTPUT(iso/boot/kernel elf32-i386)

.debug_info     0x00000000     0x32f9
 .debug_info    0x00000000      0x3ab build/alarm.o
 .debug_info    0x000003ab      0x39b build/signal.o
 .debug_info    0x00000746      0x68a build/process.o
 .debug_info    0x00000dd0      0x666 build/gdt.o
 .debug_info    0x00001436      0x335 build/console.o
 .debug_info    0x0000176b      0x78a build/traps.o
 .debug_info    0x00001ef5      0x556 build/main.o
 .debug_info    0x0000244b      0xb53 build/keyboard.o
 .debug_info    0x00002f9e      0x234 build/string.o
 .debug_info    0x000031d2      0x127 build/printk.o

.debug_abbrev   0x00000000     0x10bb
 .debug_abbrev  0x00000000      0x18d build/alarm.o
 .debug_abbrev  0x0000018d      0x169 build/signal.o
 .debug_abbrev  0x000002f6      0x2a4 build/process.o
 .debug_abbrev  0x0000059a      0x206 build/gdt.o
 .debug_abbrev  0x000007a0      0x18b build/console.o
 .debug_abbrev  0x0000092b      0x209 build/traps.o
 .debug_abbrev  0x00000b34      0x1c8 build/main.o
 .debug_abbrev  0x00000cfc      0x1fa build/keyboard.o
 .debug_abbrev  0x00000ef6       0xf6 build/string.o
 .debug_abbrev  0x00000fec       0xcf build/printk.o

.debug_loclists
                0x00000000      0x6ab
 .debug_loclists
                0x00000000       0x51 build/alarm.o
 .debug_loclists
                0x00000051       0x4d build/process.o
 .debug_loclists
                0x0000009e      0x19d build/gdt.o
 .debug_loclists
                0x0000023b       0xa4 build/console.o
 .debug_loclists
                0x000002df       0x2a build/traps.o
 .debug_loclists
                0x00000309       0x17 build/main.o
 .debug_loclists
                0x00000320      0x17e build/keyboard.o
 .debug_loclists
                0x0000049e      0x1c8 build/string.o
 .debug_loclists
                0x00000666       0x45 build/printk.o

.debug_aranges  0x00000000      0x140
 .debug_aranges
                0x00000000       0x20 build/alarm.o
 .debug_aranges
                0x00000020       0x20 build/signal.o
 .debug_aranges
                0x00000040       0x20 build/process.o
 .debug_aranges
                0x00000060       0x20 build/gdt.o
 .debug_aranges
                0x00000080       0x20 build/console.o
 .debug_aranges
                0x000000a0       0x20 build/traps.o
 .debug_aranges
                0x000000c0       0x20 build/main.o
 .debug_aranges
                0x000000e0       0x20 build/keyboard.o
 .debug_aranges
                0x00000100       0x20 build/string.o
 .debug_aranges
                0x00000120       0x20 build/printk.o

.debug_line     0x00000000     0x145d
 .debug_line    0x00000000       0xcd build/alarm.o
 .debug_line    0x000000cd       0xb5 build/signal.o
 .debug_line    0x00000182      0x2ee build/process.o
 .debug_line    0x00000470      0x187 build/gdt.o
 .debug_line    0x000005f7      0x204 build/console.o
 .debug_line    0x000007fb      0x1dc build/traps.o
 .debug_line    0x000009d7      0x17e build/main.o
 .debug_line    0x00000b55      0x6f9 build/keyboard.o
 .debug_line    0x0000124e      0x176 build/string.o
 .debug_line    0x000013c4       0x99 build/printk.o

.debug_str      0x00000000      0x57f
 .debug_str     0x00000000      0x57f build/alarm.o
                                0x263 (size before relaxing)
 .debug_str     0x0000057f      0x228 build/signal.o
 .debug_str     0x0000057f      0x2e0 build/process.o
 .debug_str     0x0000057f      0x289 build/gdt.o
 .debug_str     0x0000057f      0x1a4 build/console.o
 .debug_str     0x0000057f      0x356 build/traps.o
 .debug_str     0x0000057f      0x312 build/main.o
 .debug_str     0x0000057f      0x28f build/keyboard.o
 .debug_str     0x0000057f      0x1b0 build/string.o
 .debug_str     0x0000057f      0x1a7 build/printk.o

.debug_line_str
                0x00000000      0x163
 .debug_line_str
                0x00000000      0x163 build/alarm.o
                                 0x65 (size before relaxing)
 .debug_line_str
                0x00000163       0x5d build/signal.o
 .debug_line_str
                0x00000163       0x81 build/process.o
 .debug_line_str
                0x00000163       0x54 build/gdt.o
 .debug_line_str
                0x00000163       0x5a build/console.o
 .debug_line_str
                0x00000163       0x8b build/traps.o
 .debug_line_str
                0x00000163       0x94 build/main.o
 .debug_line_str
                0x00000163       0x88 build/keyboard.o
 .debug_line_str
                0x00000163       0x89 build/string.o
 .debug_line_str
                0x00000163       0x94 build/printk.o

.comment        0x00000000       0x2d
 .comment       0x00000000       0x2d build/alarm.o
                                 0x2e (size before relaxing)
 .comment       0x0000002d       0x2e build/signal.o
 .comment       0x0000002d       0x2e build/process.o
 .comment       0x0000002d       0x2e build/gdt.o
 .comment       0x0000002d       0x2e build/console.o
 .comment       0x0000002d       0x2e build/traps.o
 .comment       0x0000002d       0x2e build/main.o
 .comment       0x0000002d       0x2e build/keyboard.o
 .comment       0x0000002d       0x2e build/string.o
 .comment       0x0000002d       0x2e build/printk.o

.note.GNU-stack
                0x00000000        0x0
 .note.GNU-stack
                0x00000000        0x0 build/alarm.o
 .note.GNU-stack
                0x00000000        0x0 build/signal.o
 .note.GNU-stack
                0x00000000        0x0 build/process.o
 .note.GNU-stack
                0x00000000        0x0 build/gdt.o
 .note.GNU-stack
                0x00000000        0x0 build/console.o
 .note.GNU-stack
                0x00000000        0x0 build/traps.o
 .note.GNU-stack
                0x00000000        0x0 build/main.o
 .note.GNU-stack
                0x00000000        0x0 build/keyboard.o
 .note.GNU-stack
                0x00000000        0x0 build/string.o
 .note.GNU-stack
                0x00000000        0x0 build/printk.o

.debug_rnglists
                0x00000000       0xa3
 .debug_rnglists
                0x00000000       0x1e build/process.o
 .debug_rnglists
                0x0000001e       0x41 build/gdt.o
 .debug_rnglists
                0x0000005f       0x22 build/console.o
 .debug_rnglists
                0x00000081       0x22 build/keyboard.o
